UNIVOBJS = \
           bmpbuttn.o \
           button.o \
           checkbox.o \
           checklst.o \
           cmdproc.o \
           colschem.o \
           control.o \
           inphand.o \
           listbox.o \
           radiobox.o \
           radiobut.o \
           renderer.o \
           scrolbar.o \
           statbmp.o \
           statbox.o \
           statline.o \
           stattext.o \
           textctrl.o \
           theme.o \
           gtk.o \
           winuniv.o \
           win32.o

#textctrl.o \

UNIVDEPS = \
           bmpbuttn.d \
           button.d \
           checkbox.d \
           checklst.d \
           cmdproc.d \
           colschem.d \
           control.d \
           inphand.d \
           listbox.d \
           radiobox.d \
           radiobut.d \
           renderer.d \
           scrolbar.d \
           statbmp.d \
           statbox.d \
           statline.d \
           stattext.d \
           textctrl.d \
           theme.d \
           gtk.d \
           winuniv.d \
           win32.d
