/usr/include/wx/app.h
/usr/include/wx/arrimpl.cpp
/usr/include/wx/buffer.h
/usr/include/wx/cmdline.h
/usr/include/wx/confbase.h
/usr/include/wx/config.h
/usr/include/wx/date.h
/usr/include/wx/datetime.h
/usr/include/wx/datetime.inl
/usr/include/wx/datstrm.h
/usr/include/wx/debug.h
/usr/include/wx/defs.h
/usr/include/wx/dir.h
/usr/include/wx/dynarray.h
/usr/include/wx/dynlib.h
/usr/include/wx/event.h
/usr/include/wx/ffile.h
/usr/include/wx/file.h
/usr/include/wx/fileconf.h
/usr/include/wx/filefn.h
/usr/include/wx/filesys.h
/usr/include/wx/hash.h
/usr/include/wx/intl.h
/usr/include/wx/ioswrap.h
/usr/include/wx/list.h
/usr/include/wx/listimpl.cpp
/usr/include/wx/log.h
/usr/include/wx/longlong.h
/usr/include/wx/memconf.h
/usr/include/wx/memory.h
/usr/include/wx/mimetype.h
/usr/include/wx/module.h
/usr/include/wx/object.h
/usr/include/wx/objstrm.h
/usr/include/wx/process.h
/usr/include/wx/serbase.h
/usr/include/wx/strconv.h
/usr/include/wx/stream.h
/usr/include/wx/string.h
/usr/include/wx/textfile.h
/usr/include/wx/thread.h
/usr/include/wx/time.h
/usr/include/wx/timer.h
/usr/include/wx/tokenzr.h
/usr/include/wx/txtstrm.h
/usr/include/wx/url.h
/usr/include/wx/utils.h
/usr/include/wx/variant.h
/usr/include/wx/version.h
/usr/include/wx/wfstream.h
/usr/include/wx/wx.h
/usr/include/wx/wxchar.h
/usr/include/wx/wxprec.h
/usr/include/wx/unix/mimetype.h
/usr/include/wx/protocol/file.h
/usr/include/wx/protocol/ftp.h
/usr/include/wx/protocol/http.h
/usr/include/wx/protocol/protocol.h
